
> sdecor@0.1.0 build
> next build

▲ Next.js 16.1.6 (Turbopack)
- Environments: .env.local

  Creating an optimized production build ...
✓ Compiled successfully in 4.2s
  Running TypeScript ...
  Collecting page data using 11 workers ...
⚠ Using edge runtime on a page currently disables static generation for that page
  Generating static pages using 11 workers (0/17) ...
  Generating static pages using 11 workers (4/17) 
  Generating static pages using 11 workers (8/17) 
  Generating static pages using 11 workers (12/17) 
✓ Generating static pages using 11 workers (17/17) in 551.2ms
  Finalizing page optimization ...

Route (app)                     Revalidate  Expire
┌ ○ /
├ ○ /_not-found
├ ○ /admin
├ ○ /admin/packages
├ ƒ /admin/packages/[id]/edit
├ ○ /admin/packages/new
├ ƒ /api/auth/login
├ ƒ /api/auth/me
├ ƒ /api/auth/register
├ ƒ /api/packages
├ ƒ /api/packages/[identifier]
├ ƒ /api/reviews
├ ƒ /api/reviews/[id]
├ ƒ /api/reviews/[id]/approve
├ ƒ /api/upload
├ ƒ /category/[category]
├ ○ /login
├ ○ /manifest.webmanifest
├ ƒ /opengraph-image
├ ƒ /packages/[slug]
├ ○ /robots.txt
└ ○ /sitemap.xml                        1h      1y


○  (Static)   prerendered as static content
ƒ  (Dynamic)  server-rendered on demand

